// Vitest Snapshot v1, https://vitest.dev/guide/snapshot.html

exports[`UserForm > 37 - Snapshot del modo creación 1`] = `
<div>
  <form
    class="rounded-2xl border border-[#722b4d]/30 bg-white p-6 shadow-sm"
  >
    <div
      class="grid grid-cols-1 gap-4 md:grid-cols-2"
    >
      <div>
        <label
          class="mb-2 block text-sm font-medium text-[#722b4d]"
        >
          Nombre completo
        </label>
        <input
          class="w-full rounded-xl border border-gray-300 px-4 py-3 outline-none transition focus:border-[#722b4d] focus:ring-2 focus:ring-[#722b4d]/20"
          name="fullName"
          placeholder="Nombre completo"
          required=""
          type="text"
          value="Matias Wormald"
        />
      </div>
      <div>
        <label
          class="mb-2 block text-sm font-medium text-[#722b4d]"
        >
          Correo electrónico
        </label>
        <input
          class="w-full rounded-xl border border-gray-300 px-4 py-3 outline-none transition focus:border-[#722b4d] focus:ring-2 focus:ring-[#722b4d]/20"
          name="email"
          placeholder="correo@userena.cl"
          required=""
          type="email"
          value="matias@userena.cl"
        />
      </div>
      <div>
        <label
          class="mb-2 block text-sm font-medium text-[#722b4d]"
        >
          Rol
        </label>
        <select
          class="w-full rounded-xl border border-gray-300 px-4 py-3 outline-none transition focus:border-[#722b4d] focus:ring-2 focus:ring-[#722b4d]/20"
          name="role"
        >
          <option
            value="admin"
          >
            Administrador
          </option>
          <option
            value="alumni"
          >
            Egresado
          </option>
          <option
            value="teacher"
          >
            Docente
          </option>
        </select>
      </div>
      <div>
        <label
          class="mb-2 block text-sm font-medium text-[#722b4d]"
        >
          Contraseña 
        </label>
        <input
          class="w-full rounded-xl border border-gray-300 px-4 py-3 outline-none transition focus:border-[#722b4d] focus:ring-2 focus:ring-[#722b4d]/20"
          name="password"
          placeholder="Contraseña"
          required=""
          type="password"
          value="123456"
        />
      </div>
    </div>
    <div
      class="mt-6 flex flex-wrap gap-3"
    >
      <button
        class="rounded-xl bg-[#722b4d] px-5 py-3 text-sm font-semibold text-white shadow-sm transition hover:opacity-90 disabled:cursor-not-allowed disabled:opacity-60"
        type="submit"
      >
        Crear Usuario
      </button>
      <button
        class="rounded-xl bg-gray-200 px-5 py-3 text-sm font-semibold text-gray-700 transition hover:bg-gray-300"
        type="button"
      >
        Cancelar
      </button>
    </div>
  </form>
</div>
`;
