// Vitest Snapshot v1, https://vitest.dev/guide/snapshot.html

exports[`Footer > 15 - Snapshot: footer completo 1`] = `
<div>
  <footer
    class="bg-gray-900 text-white py-12"
  >
    <div
      class="max-w-7xl mx-auto px-4 sm:px-6 lg:px-8"
    >
      <div
        class="grid grid-cols-1 md:grid-cols-3 gap-8 mb-8"
      >
        <div
          class="flex justify-center md:justify-start"
        >
          <img
            alt="Logo institucional (footer)"
            class="h-[98px] w-auto object-contain flex-shrink-0"
            loading="lazy"
            src="/images/logo-footer.png"
          />
        </div>
        <div
          class="flex justify-center"
        >
          <a
            href="https://userena.cl/contactos-uls"
            rel="noopener noreferrer"
            target="_blank"
          >
            <img
              alt="Información de contacto por unidades"
              class="h-[115px] w-auto object-contain flex-shrink-0"
              loading="lazy"
              src="/images/contacto-por-unidades.png"
            />
          </a>
        </div>
        <div
          class="flex justify-center md:justify-end"
        >
          <img
            alt="Logo CNA"
            class="h-[98px] w-auto object-contain flex-shrink-0"
            loading="lazy"
            src="/images/logo-cna.png"
          />
        </div>
      </div>
      <div
        class="border-t border-gray-700 pt-8"
      >
        <div
          class="text-center text-xs text-gray-400"
        >
          <a
            class="block text-xs opacity-60 hover:opacity-100 transition"
            data-discover="true"
            href="/login"
          >
            Iniciar Sesión
          </a>
          <p
            class="mt-4"
          >
            © 
            2026
             Derechos reservados
          </p>
          <div
            class="mt-2"
          >
            <p>
              Desarrollado por:
            </p>
            <ul
              class="mt-1 space-y-0.5"
            >
              <li>
                Matias Wormald
              </li>
              <li>
                Emilio Maturana
              </li>
              <li>
                Felipe Urqueta
              </li>
              <li>
                Joselyn Montaño
              </li>
            </ul>
          </div>
        </div>
      </div>
    </div>
  </footer>
</div>
`;
