// Vitest Snapshot v1, https://vitest.dev/guide/snapshot.html

exports[`ScrollToTopButton > 13 - Snapshot: visible state 1`] = `
<button
  aria-label="Volver arriba"
  class="fixed bottom-6 right-6 z-50 flex h-12 w-12 items-center justify-center rounded-full bg-[#722b4d] text-white shadow-lg transition hover:scale-105 hover:bg-[#5e2340]"
>
  ↑
</button>
`;
