// Vitest Snapshot v1, https://vitest.dev/guide/snapshot.html

exports[`Sidebar > 18 - Snapshot: admin en /admin 1`] = `
<div>
  <aside
    class="flex h-full flex-col overflow-y-auto"
  >
    <div
      class="border-b border-black/5 px-6 py-8"
    >
      <div
        class="flex flex-col items-center text-center"
      >
        <div
          class="h-24 w-24 overflow-hidden rounded-full border-4 border-[#722b4d]/15 shadow-sm"
        >
          <img
            alt="Juan"
            class="h-full w-full object-cover"
            src="/images/foto-docente.png"
          />
        </div>
        <h2
          class="mt-4 text-3xl font-bold leading-tight text-[#722b4d]"
        >
          Juan
        </h2>
        <p
          class="mt-1 text-sm text-gray-500"
        >
          Secretaria del Departamento
        </p>
        <span
          class="mt-4 inline-flex items-center rounded-full bg-[#722b4d] px-4 py-2 text-sm font-semibold text-white shadow-sm"
        >
          Admin
        </span>
      </div>
    </div>
    <nav
      class="flex-1 px-4 py-6"
    >
      <div
        class="space-y-3"
      >
        <a
          aria-current="page"
          class="flex items-center gap-3 rounded-2xl px-4 py-3 text-sm font-medium transition bg-[#722b4d] text-white shadow-md"
          data-discover="true"
          href="/admin"
        >
          <span
            class="leading-snug"
          >
            Dashboard
          </span>
        </a>
      </div>
    </nav>
  </aside>
</div>
`;
